
  # Heading One                                                               
                                                                              
  Some **bold** text, some *italic* text, and inline code.                    
                                                                              
  ## Heading Two                                                              
                                                                              
  A paragraph with a link https://example.com/ in it.                         
                                                                              
  • item one                                                                  
  • item two                                                                  
      • nested item                                                           
                                                                              
                                                                              
  1. first                                                                    
  2. second                                                                   
                                                                              
  | A block quote spanning two lines.                                         
                                                                              
    func main() {                                                             
    	fmt.Println("hi")                                                         
    }                                                                         
                                                                              
   Col A                                | Col B                               
  --------------------------------------|-------------------------------------
   1                                    | 2                                   

